[Fri Aug 14 10:06:15 2026] GET /files/swagger/index.html -> 200 (0 ms)
[Fri Aug 14 10:06:15 2026] GET /files/swagger/swagger-ui.css -> 200 (5 ms)
[Fri Aug 14 10:06:15 2026] GET /files/swagger/swagger-ui-standalone-preset.js -> 200 (3 ms)
[Fri Aug 14 10:06:15 2026] GET /files/swagger/index.css -> 200 (34 ms)
0 (52 ms)
[Fri Aug 14 10:06:15 2026] GET /files/swagger/swagger-initializer.js -> 200 (1 ms)
[Fri Aug 14 10:15:23 2026] GET /files/swagger/index.html -> 200 (1 ms)
[Fri Aug 14 10:15:23 2026] GET /files/swagger/index.css -> 200 (0 ms)
[Fri Aug 14 10:15:23 2026] GET /files/swagger/swagger-ui.css -> 200 (4 ms)
[Fri Aug 14 10:15:23 2026] GET /files/swagger/swagger-initializer.js -> 200 (43 ms)
(3 ms)
[Fri Aug 14 10:15:23 2026] GET /files/swagger/swagger-ui-bundle.js -> 200 (52 ms)
[Fri Aug 14 10:17:14 2026] GET /files/swagger/index.html -> 200 (0 ms)
[Fri Aug 14 10:17:14 2026] GET /files/swagger/swagger-ui.css -> 200 (3 ms)
[Fri Aug 14 10:17:14 2026] GET /files/swagger/swagger-ui-bundle.js -> 200 (29 ms)
[Fri Aug 14 10:17:14 2026] GET /openapi.yaml -> 200 (0 ms)
[Fri Aug 14 10:18:48 2026] POST /add -> 401 (0 ms)
[Fri Aug 14 10:18:51 2026] POST /add -> 401 (0 ms)
[Fri Aug 14 10:18:55 2026] POST /add -> 401 (0 ms)
[Fri Aug 14 10:19:48 2026] POST /login -> 401 (0 ms)
[Fri Aug 14 10:20:17 2026] POST /login -> 400 (1 ms)
[Fri Aug 14 10:20:55 2026] POST /login -> 400 (1 ms)
[Fri Aug 14 10:21:11 2026] POST /login -> 400 (1 ms)
[Fri Aug 14 10:21:21 2026] POST /login -> 400 (1 ms)
[Fri Aug 14 10:21:31 2026] POST /login -> 400 (1 ms)
[Fri Aug 14 10:22:36 2026] POST /login -> 401 (0 ms)
[Fri Aug 14 10:24:04 2026] GET /files/swagger/index.html -> 200 (2 ms)
[Fri Aug 14 10:24:04 2026] GET /files/swagger/swagger-ui.css -> 200 (2 ms)
[Fri Aug 14 10:24:04 2026] GET /files/swagger/swagger-ui-bundle.js -> 200 (28 ms)
[Fri Aug 14 10:24:04 2026] GET /openapi.yaml -> 200 (0 ms)
[Fri Aug 14 10:24:47 2026] POST /add -> 401 (0 ms)
[Fri Aug 14 10:25:12 2026] GET /json -> 401 (0 ms)
[Fri Aug 14 10:31:16 2026] GET /files/swagger/index.html -> 200 (1 ms)
[Fri Aug 14 10:31:16 2026] GET /files/swagger/swagger-ui-bundle.js -> 200 (15 ms)
[Fri Aug 14 10:31:16 2026] GET /files/swagger/swagger-ui.css -> 200 (5 ms)
[Fri Aug 14 10:31:17 2026] GET /openapi.yaml -> 200 (0 ms)
[Fri Aug 14 10:31:59 2026] POST /add -> 401 (0 ms)
[Fri Aug 14 10:32:48 2026] POST /add -> 401 (0 ms)
[Fri Aug 14 10:37:34 2026] POST /add -> 401 (0 ms)
[Fri Aug 14 10:37:47 2026] POST /login -> 401 (0 ms)
[Fri Aug 14 10:40:22 2026] POST /login -> 401 (1 ms)
[Fri Aug 14 10:41:12 2026] POST /login -> 200 (303 ms)
[Fri Aug 14 10:41:29 2026] POST /add -> 401 (0 ms)
[Fri Aug 14 10:41:44 2026] POST /add -> 401 (0 ms)
[Fri Aug 14 10:43:10 2026] POST /add -> 401 (0 ms)
[Fri Aug 14 10:43:43 2026] POST /add -> 401 (0 ms)
[Fri Aug 14 10:43:52 2026] POST /add -> 401 (0 ms)
[Fri Aug 14 10:46:03 2026] GET /protected -> 200 (1 ms)
[Fri Aug 14 10:46:46 2026] POST /add -> 401 (0 ms)
[Fri Aug 14 10:52:20 2026] GET /docs -> 200 (0 ms)
[Fri Aug 14 10:52:20 2026] GET /swagger-ui.css -> 401 (0 ms)
[Fri Aug 14 10:52:20 2026] GET /swagger-ui-bundle.js -> 401 (0 ms)
[Fri Aug 14 10:52:20 2026] GET /swagger-ui-standalone-preset.js -> 401 (0 ms)
[Fri Aug 14 10:52:20 2026] GET /swagger-ui.css -> 401 (0 ms)
[Fri Aug 14 10:52:20 2026] GET /swagger-ui-bundle.js -> 401 (0 ms)
[Fri Aug 14 10:52:20 2026] GET /swagger-ui-standalone-preset.js -> 401 (0 ms)
[Fri Aug 14 10:52:20 2026] GET /favicon-16x16.png -> 401 (0 ms)
[Fri Aug 14 10:52:32 2026] GET /docs -> 200 (0 ms)
[Fri Aug 14 10:52:32 2026] GET /swagger-ui.css -> 401 (0 ms)
[Fri Aug 14 10:52:32 2026] GET /swagger-ui-standalone-preset.js -> 401 (0 ms)
[Fri Aug 14 10:52:32 2026] GET /swagger-ui-bundle.js -> 401 (0 ms)
[Fri Aug 14 10:52:32 2026] GET /swagger-ui-standalone-preset.js -> 401 (0 ms)
[Fri Aug 14 10:52:39 2026] GET /files/swagger/index.html -> 200 (0 ms)
[Fri Aug 14 10:52:39 2026] GET /files/swagger/swagger-ui.css -> 200 (229 ms)
[Fri Aug 14 10:52:40 2026] GET /files/swagger/swagger-ui-standalone-preset.js -> 200 (371 ms)
[Fri Aug 14 10:52:40 2026] GET /files/swagger/swagger-ui-bundle.js -> 200 (588 ms)
[Fri Aug 14 10:52:40 2026] GET /openapi.yaml -> 200 (1 ms)
[Fri Aug 14 10:52:53 2026] GET /docs -> 200 (1 ms)
[Fri Aug 14 10:52:53 2026] GET /swagger-ui.css -> 401 (0 ms)
[Fri Aug 14 10:52:53 2026] GET /swagger-ui-bundle.js -> 401 (0 ms)
[Fri Aug 14 10:52:53 2026] GET /swagger-ui-standalone-preset.js -> 401 (0 ms)
[Fri Aug 14 10:52:53 2026] GET /swagger-ui-standalone-preset.js -> 401 (0 ms)
[Fri Aug 14 10:52:53 2026] GET /favicon-16x16.png -> 401 (0 ms)
[Fri Aug 14 10:54:38 2026] GET /docs -> 200 (1 ms)
[Fri Aug 14 10:54:39 2026] GET /openapi.yaml -> 200 (0 ms)
[Fri Aug 14 10:54:48 2026] GET /docs -> 200 (0 ms)
[Fri Aug 14 10:54:49 2026] GET /favicon.ico -> 401 (0 ms)
[Fri Aug 14 10:54:49 2026] GET /openapi.yaml -> 200 (3 ms)
[Fri Aug 14 10:55:37 2026] POST /login -> 200 (135 ms)
[Fri Aug 14 10:56:04 2026] POST /add -> 401 (0 ms)
[Fri Aug 14 10:56:25 2026] GET /protected -> 401 (0 ms)
[Fri Aug 14 10:56:55 2026] POST /login -> 200 (0 ms)
[Fri Aug 14 10:56:57 2026] POST /login -> 200 (0 ms)
[Fri Aug 14 10:57:20 2026] GET /protected -> 401 (0 ms)
[Fri Aug 14 10:59:11 2026] GET /docs -> 200 (1 ms)
[Fri Aug 14 10:59:12 2026] GET /openapi.yaml -> 200 (1 ms)
[Fri Aug 14 10:59:36 2026] GET /protected -> 401 (0 ms)
[Fri Aug 14 11:00:39 2026] GET /protected -> 200 (1 ms)
[Fri Aug 14 11:02:00 2026] POST /add -> 401 (0 ms)
[Fri Aug 14 11:03:48 2026] GET /hello/ff -> 401 (0 ms)
[Fri Aug 14 11:08:38 2026] GET /docs -> 200 (0 ms)
[Fri Aug 14 11:08:39 2026] GET /favicon.ico -> 401 (0 ms)
[Fri Aug 14 11:08:39 2026] GET /openapi.yaml -> 200 (0 ms)
[Fri Aug 14 11:09:57 2026] POST /login -> 200 (4 ms)
[Fri Aug 14 11:10:17 2026] GET /protected -> 200 (0 ms)
[Fri Aug 14 11:10:31 2026] POST /add -> 200 (0 ms)
[Fri Aug 14 11:10:43 2026] POST /add -> 200 (0 ms)
[Fri Aug 14 11:10:58 2026] GET /hello/Alex -> 200 (0 ms)
[Fri Aug 14 11:15:06 2026] GET /docs -> 200 (0 ms)
[Fri Aug 14 11:15:07 2026] GET /files/swagger/favicon-32x32.png -> 200 (71 ms)
[Fri Aug 14 11:15:07 2026] GET /openapi.yaml -> 200 (1 ms)
